// Jest Snapshot v1, https://goo.gl/fbAQLP

exports[`on mount Modal have rendered correctly 1`] = `ShallowWrapper {}`;
