// Jest Snapshot v1, https://goo.gl/fbAQLP

exports[`Testing <app/> app have rendered correctly 1`] = `ShallowWrapper {}`;
