// Jest Snapshot v1, https://goo.gl/fbAQLP

exports[`on mount Card have rendered correctly 1`] = `ShallowWrapper {}`;
